[2026-07-13 07:17:16] PARA: adrianatrejogt@gmail.com | ASUNTO: Verifica tu cuenta - Revista Digital
    <div style="font-family: Arial, sans-serif; max-width: 480px; margin: 0 auto; color:#1f2937;">
        <p>Hola Adriana,</p>
        <p>Gracias por registrarte en Revista Digital. Confirma tu correo electrónico para poder iniciar sesión y publicar tus artículos.</p>
        <p style="text-align:center; margin: 28px 0;">
            <a href="http://localhost:5173/verificar?correo=adrianatrejogt%40gmail.com&amp;token=736F9E25" style="background:#1d4ed8;color:#ffffff;padding:12px 24px;border-radius:4px;text-decoration:none;font-weight:bold;">
                Verificar mi cuenta
            </a>
        </p>
        <p style="font-size:13px;color:#6b7280;">Este enlace y el token asociado expiran en 24 horas. Si tú no creaste esta cuenta, puedes ignorar este mensaje.</p>
        <p style="font-size:12px;color:#9ca3af;">Si el botón no funciona, copia y pega este enlace en tu navegador:<br>http://localhost:5173/verificar?correo=adrianatrejogt%40gmail.com&amp;token=736F9E25</p>
    </div>
--------------------------------------------------------------------------------
[2026-07-13 07:17:46] PARA: adrianatrejogt@gmail.com | ASUNTO: Verifica tu cuenta - Revista Digital
    <div style="font-family: Arial, sans-serif; max-width: 480px; margin: 0 auto; color:#1f2937;">
        <p>Hola Adriana,</p>
        <p>Gracias por registrarte en Revista Digital. Confirma tu correo electrónico para poder iniciar sesión y publicar tus artículos.</p>
        <p style="text-align:center; margin: 28px 0;">
            <a href="http://localhost:5173/verificar?correo=adrianatrejogt%40gmail.com&amp;token=1FD31B2C" style="background:#1d4ed8;color:#ffffff;padding:12px 24px;border-radius:4px;text-decoration:none;font-weight:bold;">
                Verificar mi cuenta
            </a>
        </p>
        <p style="font-size:13px;color:#6b7280;">Este enlace y el token asociado expiran en 24 horas. Si tú no creaste esta cuenta, puedes ignorar este mensaje.</p>
        <p style="font-size:12px;color:#9ca3af;">Si el botón no funciona, copia y pega este enlace en tu navegador:<br>http://localhost:5173/verificar?correo=adrianatrejogt%40gmail.com&amp;token=1FD31B2C</p>
    </div>
--------------------------------------------------------------------------------
[2026-07-13 07:17:53] PARA: adrianatrejogt@gmail.com | ASUNTO: Verifica tu cuenta - Revista Digital
    <div style="font-family: Arial, sans-serif; max-width: 480px; margin: 0 auto; color:#1f2937;">
        <p>Hola Adriana,</p>
        <p>Gracias por registrarte en Revista Digital. Confirma tu correo electrónico para poder iniciar sesión y publicar tus artículos.</p>
        <p style="text-align:center; margin: 28px 0;">
            <a href="http://localhost:5173/verificar?correo=adrianatrejogt%40gmail.com&amp;token=8EE3C240" style="background:#1d4ed8;color:#ffffff;padding:12px 24px;border-radius:4px;text-decoration:none;font-weight:bold;">
                Verificar mi cuenta
            </a>
        </p>
        <p style="font-size:13px;color:#6b7280;">Este enlace y el token asociado expiran en 24 horas. Si tú no creaste esta cuenta, puedes ignorar este mensaje.</p>
        <p style="font-size:12px;color:#9ca3af;">Si el botón no funciona, copia y pega este enlace en tu navegador:<br>http://localhost:5173/verificar?correo=adrianatrejogt%40gmail.com&amp;token=8EE3C240</p>
    </div>
--------------------------------------------------------------------------------
[2026-07-13 07:17:53] PARA: adrianatrejogt@gmail.com | ASUNTO: Verifica tu cuenta - Revista Digital
    <div style="font-family: Arial, sans-serif; max-width: 480px; margin: 0 auto; color:#1f2937;">
        <p>Hola Adriana,</p>
        <p>Gracias por registrarte en Revista Digital. Confirma tu correo electrónico para poder iniciar sesión y publicar tus artículos.</p>
        <p style="text-align:center; margin: 28px 0;">
            <a href="http://localhost:5173/verificar?correo=adrianatrejogt%40gmail.com&amp;token=18D72CE1" style="background:#1d4ed8;color:#ffffff;padding:12px 24px;border-radius:4px;text-decoration:none;font-weight:bold;">
                Verificar mi cuenta
            </a>
        </p>
        <p style="font-size:13px;color:#6b7280;">Este enlace y el token asociado expiran en 24 horas. Si tú no creaste esta cuenta, puedes ignorar este mensaje.</p>
        <p style="font-size:12px;color:#9ca3af;">Si el botón no funciona, copia y pega este enlace en tu navegador:<br>http://localhost:5173/verificar?correo=adrianatrejogt%40gmail.com&amp;token=18D72CE1</p>
    </div>
--------------------------------------------------------------------------------
[2026-07-13 07:17:54] PARA: adrianatrejogt@gmail.com | ASUNTO: Verifica tu cuenta - Revista Digital
    <div style="font-family: Arial, sans-serif; max-width: 480px; margin: 0 auto; color:#1f2937;">
        <p>Hola Adriana,</p>
        <p>Gracias por registrarte en Revista Digital. Confirma tu correo electrónico para poder iniciar sesión y publicar tus artículos.</p>
        <p style="text-align:center; margin: 28px 0;">
            <a href="http://localhost:5173/verificar?correo=adrianatrejogt%40gmail.com&amp;token=4FB1A08B" style="background:#1d4ed8;color:#ffffff;padding:12px 24px;border-radius:4px;text-decoration:none;font-weight:bold;">
                Verificar mi cuenta
            </a>
        </p>
        <p style="font-size:13px;color:#6b7280;">Este enlace y el token asociado expiran en 24 horas. Si tú no creaste esta cuenta, puedes ignorar este mensaje.</p>
        <p style="font-size:12px;color:#9ca3af;">Si el botón no funciona, copia y pega este enlace en tu navegador:<br>http://localhost:5173/verificar?correo=adrianatrejogt%40gmail.com&amp;token=4FB1A08B</p>
    </div>
--------------------------------------------------------------------------------
[2026-07-13 07:17:54] PARA: adrianatrejogt@gmail.com | ASUNTO: Verifica tu cuenta - Revista Digital
    <div style="font-family: Arial, sans-serif; max-width: 480px; margin: 0 auto; color:#1f2937;">
        <p>Hola Adriana,</p>
        <p>Gracias por registrarte en Revista Digital. Confirma tu correo electrónico para poder iniciar sesión y publicar tus artículos.</p>
        <p style="text-align:center; margin: 28px 0;">
            <a href="http://localhost:5173/verificar?correo=adrianatrejogt%40gmail.com&amp;token=B4C2D60A" style="background:#1d4ed8;color:#ffffff;padding:12px 24px;border-radius:4px;text-decoration:none;font-weight:bold;">
                Verificar mi cuenta
            </a>
        </p>
        <p style="font-size:13px;color:#6b7280;">Este enlace y el token asociado expiran en 24 horas. Si tú no creaste esta cuenta, puedes ignorar este mensaje.</p>
        <p style="font-size:12px;color:#9ca3af;">Si el botón no funciona, copia y pega este enlace en tu navegador:<br>http://localhost:5173/verificar?correo=adrianatrejogt%40gmail.com&amp;token=B4C2D60A</p>
    </div>
--------------------------------------------------------------------------------
[2026-07-13 07:17:54] PARA: adrianatrejogt@gmail.com | ASUNTO: Verifica tu cuenta - Revista Digital
    <div style="font-family: Arial, sans-serif; max-width: 480px; margin: 0 auto; color:#1f2937;">
        <p>Hola Adriana,</p>
        <p>Gracias por registrarte en Revista Digital. Confirma tu correo electrónico para poder iniciar sesión y publicar tus artículos.</p>
        <p style="text-align:center; margin: 28px 0;">
            <a href="http://localhost:5173/verificar?correo=adrianatrejogt%40gmail.com&amp;token=A0C0DE71" style="background:#1d4ed8;color:#ffffff;padding:12px 24px;border-radius:4px;text-decoration:none;font-weight:bold;">
                Verificar mi cuenta
            </a>
        </p>
        <p style="font-size:13px;color:#6b7280;">Este enlace y el token asociado expiran en 24 horas. Si tú no creaste esta cuenta, puedes ignorar este mensaje.</p>
        <p style="font-size:12px;color:#9ca3af;">Si el botón no funciona, copia y pega este enlace en tu navegador:<br>http://localhost:5173/verificar?correo=adrianatrejogt%40gmail.com&amp;token=A0C0DE71</p>
    </div>
--------------------------------------------------------------------------------
[2026-07-13 07:17:56] PARA: adrianatrejogt@gmail.com | ASUNTO: Verifica tu cuenta - Revista Digital
    <div style="font-family: Arial, sans-serif; max-width: 480px; margin: 0 auto; color:#1f2937;">
        <p>Hola Adriana,</p>
        <p>Gracias por registrarte en Revista Digital. Confirma tu correo electrónico para poder iniciar sesión y publicar tus artículos.</p>
        <p style="text-align:center; margin: 28px 0;">
            <a href="http://localhost:5173/verificar?correo=adrianatrejogt%40gmail.com&amp;token=CCDF9061" style="background:#1d4ed8;color:#ffffff;padding:12px 24px;border-radius:4px;text-decoration:none;font-weight:bold;">
                Verificar mi cuenta
            </a>
        </p>
        <p style="font-size:13px;color:#6b7280;">Este enlace y el token asociado expiran en 24 horas. Si tú no creaste esta cuenta, puedes ignorar este mensaje.</p>
        <p style="font-size:12px;color:#9ca3af;">Si el botón no funciona, copia y pega este enlace en tu navegador:<br>http://localhost:5173/verificar?correo=adrianatrejogt%40gmail.com&amp;token=CCDF9061</p>
    </div>
--------------------------------------------------------------------------------
[2026-07-13 07:17:56] PARA: adrianatrejogt@gmail.com | ASUNTO: Verifica tu cuenta - Revista Digital
    <div style="font-family: Arial, sans-serif; max-width: 480px; margin: 0 auto; color:#1f2937;">
        <p>Hola Adriana,</p>
        <p>Gracias por registrarte en Revista Digital. Confirma tu correo electrónico para poder iniciar sesión y publicar tus artículos.</p>
        <p style="text-align:center; margin: 28px 0;">
            <a href="http://localhost:5173/verificar?correo=adrianatrejogt%40gmail.com&amp;token=DE2C06D9" style="background:#1d4ed8;color:#ffffff;padding:12px 24px;border-radius:4px;text-decoration:none;font-weight:bold;">
                Verificar mi cuenta
            </a>
        </p>
        <p style="font-size:13px;color:#6b7280;">Este enlace y el token asociado expiran en 24 horas. Si tú no creaste esta cuenta, puedes ignorar este mensaje.</p>
        <p style="font-size:12px;color:#9ca3af;">Si el botón no funciona, copia y pega este enlace en tu navegador:<br>http://localhost:5173/verificar?correo=adrianatrejogt%40gmail.com&amp;token=DE2C06D9</p>
    </div>
--------------------------------------------------------------------------------
[2026-07-13 07:17:56] PARA: adrianatrejogt@gmail.com | ASUNTO: Verifica tu cuenta - Revista Digital
    <div style="font-family: Arial, sans-serif; max-width: 480px; margin: 0 auto; color:#1f2937;">
        <p>Hola Adriana,</p>
        <p>Gracias por registrarte en Revista Digital. Confirma tu correo electrónico para poder iniciar sesión y publicar tus artículos.</p>
        <p style="text-align:center; margin: 28px 0;">
            <a href="http://localhost:5173/verificar?correo=adrianatrejogt%40gmail.com&amp;token=50EE7716" style="background:#1d4ed8;color:#ffffff;padding:12px 24px;border-radius:4px;text-decoration:none;font-weight:bold;">
                Verificar mi cuenta
            </a>
        </p>
        <p style="font-size:13px;color:#6b7280;">Este enlace y el token asociado expiran en 24 horas. Si tú no creaste esta cuenta, puedes ignorar este mensaje.</p>
        <p style="font-size:12px;color:#9ca3af;">Si el botón no funciona, copia y pega este enlace en tu navegador:<br>http://localhost:5173/verificar?correo=adrianatrejogt%40gmail.com&amp;token=50EE7716</p>
    </div>
--------------------------------------------------------------------------------
[2026-07-13 07:17:56] PARA: adrianatrejogt@gmail.com | ASUNTO: Verifica tu cuenta - Revista Digital
    <div style="font-family: Arial, sans-serif; max-width: 480px; margin: 0 auto; color:#1f2937;">
        <p>Hola Adriana,</p>
        <p>Gracias por registrarte en Revista Digital. Confirma tu correo electrónico para poder iniciar sesión y publicar tus artículos.</p>
        <p style="text-align:center; margin: 28px 0;">
            <a href="http://localhost:5173/verificar?correo=adrianatrejogt%40gmail.com&amp;token=EE156484" style="background:#1d4ed8;color:#ffffff;padding:12px 24px;border-radius:4px;text-decoration:none;font-weight:bold;">
                Verificar mi cuenta
            </a>
        </p>
        <p style="font-size:13px;color:#6b7280;">Este enlace y el token asociado expiran en 24 horas. Si tú no creaste esta cuenta, puedes ignorar este mensaje.</p>
        <p style="font-size:12px;color:#9ca3af;">Si el botón no funciona, copia y pega este enlace en tu navegador:<br>http://localhost:5173/verificar?correo=adrianatrejogt%40gmail.com&amp;token=EE156484</p>
    </div>
--------------------------------------------------------------------------------
[2026-07-13 07:17:57] PARA: adrianatrejogt@gmail.com | ASUNTO: Verifica tu cuenta - Revista Digital
    <div style="font-family: Arial, sans-serif; max-width: 480px; margin: 0 auto; color:#1f2937;">
        <p>Hola Adriana,</p>
        <p>Gracias por registrarte en Revista Digital. Confirma tu correo electrónico para poder iniciar sesión y publicar tus artículos.</p>
        <p style="text-align:center; margin: 28px 0;">
            <a href="http://localhost:5173/verificar?correo=adrianatrejogt%40gmail.com&amp;token=E0C5A162" style="background:#1d4ed8;color:#ffffff;padding:12px 24px;border-radius:4px;text-decoration:none;font-weight:bold;">
                Verificar mi cuenta
            </a>
        </p>
        <p style="font-size:13px;color:#6b7280;">Este enlace y el token asociado expiran en 24 horas. Si tú no creaste esta cuenta, puedes ignorar este mensaje.</p>
        <p style="font-size:12px;color:#9ca3af;">Si el botón no funciona, copia y pega este enlace en tu navegador:<br>http://localhost:5173/verificar?correo=adrianatrejogt%40gmail.com&amp;token=E0C5A162</p>
    </div>
--------------------------------------------------------------------------------
[2026-07-13 07:17:57] PARA: adrianatrejogt@gmail.com | ASUNTO: Verifica tu cuenta - Revista Digital
    <div style="font-family: Arial, sans-serif; max-width: 480px; margin: 0 auto; color:#1f2937;">
        <p>Hola Adriana,</p>
        <p>Gracias por registrarte en Revista Digital. Confirma tu correo electrónico para poder iniciar sesión y publicar tus artículos.</p>
        <p style="text-align:center; margin: 28px 0;">
            <a href="http://localhost:5173/verificar?correo=adrianatrejogt%40gmail.com&amp;token=347E1EDE" style="background:#1d4ed8;color:#ffffff;padding:12px 24px;border-radius:4px;text-decoration:none;font-weight:bold;">
                Verificar mi cuenta
            </a>
        </p>
        <p style="font-size:13px;color:#6b7280;">Este enlace y el token asociado expiran en 24 horas. Si tú no creaste esta cuenta, puedes ignorar este mensaje.</p>
        <p style="font-size:12px;color:#9ca3af;">Si el botón no funciona, copia y pega este enlace en tu navegador:<br>http://localhost:5173/verificar?correo=adrianatrejogt%40gmail.com&amp;token=347E1EDE</p>
    </div>
--------------------------------------------------------------------------------
[2026-07-13 07:17:57] PARA: adrianatrejogt@gmail.com | ASUNTO: Verifica tu cuenta - Revista Digital
    <div style="font-family: Arial, sans-serif; max-width: 480px; margin: 0 auto; color:#1f2937;">
        <p>Hola Adriana,</p>
        <p>Gracias por registrarte en Revista Digital. Confirma tu correo electrónico para poder iniciar sesión y publicar tus artículos.</p>
        <p style="text-align:center; margin: 28px 0;">
            <a href="http://localhost:5173/verificar?correo=adrianatrejogt%40gmail.com&amp;token=D094D125" style="background:#1d4ed8;color:#ffffff;padding:12px 24px;border-radius:4px;text-decoration:none;font-weight:bold;">
                Verificar mi cuenta
            </a>
        </p>
        <p style="font-size:13px;color:#6b7280;">Este enlace y el token asociado expiran en 24 horas. Si tú no creaste esta cuenta, puedes ignorar este mensaje.</p>
        <p style="font-size:12px;color:#9ca3af;">Si el botón no funciona, copia y pega este enlace en tu navegador:<br>http://localhost:5173/verificar?correo=adrianatrejogt%40gmail.com&amp;token=D094D125</p>
    </div>
--------------------------------------------------------------------------------
[2026-07-13 07:17:57] PARA: adrianatrejogt@gmail.com | ASUNTO: Verifica tu cuenta - Revista Digital
    <div style="font-family: Arial, sans-serif; max-width: 480px; margin: 0 auto; color:#1f2937;">
        <p>Hola Adriana,</p>
        <p>Gracias por registrarte en Revista Digital. Confirma tu correo electrónico para poder iniciar sesión y publicar tus artículos.</p>
        <p style="text-align:center; margin: 28px 0;">
            <a href="http://localhost:5173/verificar?correo=adrianatrejogt%40gmail.com&amp;token=87EA9597" style="background:#1d4ed8;color:#ffffff;padding:12px 24px;border-radius:4px;text-decoration:none;font-weight:bold;">
                Verificar mi cuenta
            </a>
        </p>
        <p style="font-size:13px;color:#6b7280;">Este enlace y el token asociado expiran en 24 horas. Si tú no creaste esta cuenta, puedes ignorar este mensaje.</p>
        <p style="font-size:12px;color:#9ca3af;">Si el botón no funciona, copia y pega este enlace en tu navegador:<br>http://localhost:5173/verificar?correo=adrianatrejogt%40gmail.com&amp;token=87EA9597</p>
    </div>
--------------------------------------------------------------------------------
